python : C:\Users\Hub
si\AppData\Local\Prog
rams\Python\Python310
\lib\site-packages\go
ogle\api_core\_python
_version_support.py:2
66: FutureWarning: 
You are using a 
Python version 
(3.10.11) which 
Google will stop 
supporting in new 
releases of 
google.api_core once 
it reaches its end 
of life 
(2026-10-04). Please 
upgrade to the 
latest Python 
version, or at least 
Python 3.11, to 
continue receiving 
updates for 
google.api_core past 
that date.
In Zeile:1 Zeichen:1
+ python 
test_gemini.py > 
test_output.txt 2>&1
+ ~~~~~~~~~~~~~~~~~~~
~~~~~~~~~~~~~~~~~~~~~
~~~~
    + CategoryInfo   
           : NotSpe  
  cified: (C:\User   
 s\Hubsi\...past     
that date.:Strin    
g) [], RemoteExc    
eption
    + FullyQualified 
   ErrorId : Native  
  CommandError
 
  warnings.warn(messa
ge, FutureWarning)
Traceback (most 
recent call last):
  File "C:\Users\Hubs
i\Desktop\agent 
repository git\agent-
pipeline\test_gemini.
py", line 14, in 
<module>
    
print(f"\U0001f511 
API Key found: {api_k
ey[:5]}...{api_key[-5
:]}")
  File "C:\Users\Hubs
i\AppData\Local\Progr
ams\Python\Python310\
lib\encodings\cp1252.
py", line 19, in 
encode
    return codecs.cha
rmap_encode(input,sel
f.errors,encoding_tab
le)[0]
UnicodeEncodeError: 
'charmap' codec 
can't encode 
character 
'\U0001f511' in 
position 0: 
character maps to 
<undefined>
