2025-11-19 16:15:44 - GoogleSheetService - WARNING - Google Sheets credentials not configured. Using in-memory storage.
python : C:\Users\Hub
si\AppData\Local\Prog
rams\Python\Python310
\lib\site-packages\go
ogle\api_core\_python
_version_support.py:2
66: FutureWarning: 
You are using a 
Python version 
(3.10.11) which 
Google will stop 
supporting in new 
releases of 
google.api_core once 
it reaches its end 
of life 
(2026-10-04). Please 
upgrade to the 
latest Python 
version, or at least 
Python 3.11, to 
continue receiving 
updates for 
google.api_core past 
that date.
In Zeile:1 Zeichen:1
+ python 
test_agent1_logic.py 
> test_output.txt 
2>&1
+ ~~~~~~~~~~~~~~~~~~~
~~~~~~~~~~~~~~~~~~~~~
~~~~~~~~~~
    + CategoryInfo   
           : NotSpe  
  cified: (C:\User   
 s\Hubsi\...past     
that date.:Strin    
g) [], RemoteExc    
eption
    + FullyQualified 
   ErrorId : Native  
  CommandError
 
  warnings.warn(messa
ge, FutureWarning)
2025-11-19 16:15:45 - GeminiService - WARNING - GEMINI_API_KEY not found. AI features will be limited.
--- Logging error ---
Traceback (most 
recent call last):
  File "C:\Users\Hubs
i\AppData\Local\Progr
ams\Python\Python310\
lib\logging\__init__.
py", line 1103, in 
emit
    stream.write(msg 
+ self.terminator)
  File "C:\Users\Hubs
i\AppData\Local\Progr
ams\Python\Python310\
lib\encodings\cp1252.
py", line 19, in 
encode
    return codecs.cha
rmap_encode(input,sel
f.errors,encoding_tab
le)[0]
UnicodeEncodeError: 
'charmap' codec 
can't encode 
character 
'\U0001f3b5' in 
position 53: 
character maps to 
<undefined>
Call stack:
  File "C:\Users\Hubs
i\Desktop\agent 
repository git\agent-
pipeline\backend\test
_agent1_logic.py", 
line 28, in <module>
    asyncio.run(test_
variations())
  File "C:\Users\Hubs
i\AppData\Local\Progr
ams\Python\Python310\
lib\asyncio\runners.p
y", line 44, in run
    return loop.run_u
ntil_complete(main)
  File "C:\Users\Hubs
i\AppData\Local\Progr
ams\Python\Python310\
lib\asyncio\base_even
ts.py", line 636, in 
run_until_complete
    
self.run_forever()
  File "C:\Users\Hubs
i\AppData\Local\Progr
ams\Python\Python310\
lib\asyncio\windows_e
vents.py", line 321, 
in run_forever
    
super().run_forever()
  File "C:\Users\Hubs
i\AppData\Local\Progr
ams\Python\Python310\
lib\asyncio\base_even
ts.py", line 603, in 
run_forever
    self._run_once()
  File "C:\Users\Hubs
i\AppData\Local\Progr
ams\Python\Python310\
lib\asyncio\base_even
ts.py", line 1909, 
in _run_once
    handle._run()
  File "C:\Users\Hubs
i\AppData\Local\Progr
ams\Python\Python310\
lib\asyncio\events.py
", line 80, in _run
    self._context.run
(self._callback, 
*self._args)
  File "C:\Users\Hubs
i\Desktop\agent 
repository git\agent-
pipeline\backend\test
_agent1_logic.py", 
line 21, in 
test_variations
    variations = 
await agent1_service.
generate_genre_variat
ions("Reggaeton", 5)
  File "C:\Users\Hubs
i\Desktop\agent 
repository git\agent-
pipeline\backend\app\
agents\agent_1_projec
t_manager\service.py"
, line 350, in genera
te_genre_variations
    logger.info(f"\U0
001f3b5 Generating 
{num_variations} 
AI-powered 
variations for: 
{super_genre}")
Message: '\U0001f3b5 
Generating 5 
AI-powered 
variations for: 
Reggaeton'
Arguments: ()
--- Logging error ---
Traceback (most 
recent call last):
  File "C:\Users\Hubs
i\AppData\Local\Progr
ams\Python\Python310\
lib\logging\__init__.
py", line 1103, in 
emit
    stream.write(msg 
+ self.terminator)
  File "C:\Users\Hubs
i\AppData\Local\Progr
ams\Python\Python310\
lib\encodings\cp1252.
py", line 19, in 
encode
    return codecs.cha
rmap_encode(input,sel
f.errors,encoding_tab
le)[0]
UnicodeEncodeError: 
'charmap' codec 
can't encode 
character 
'\U0001f3b5' in 
position 57: 
character maps to 
<undefined>
Call stack:
  File "C:\Users\Hubs
i\Desktop\agent 
repository git\agent-
pipeline\backend\test
_agent1_logic.py", 
line 28, in <module>
    asyncio.run(test_
variations())
  File "C:\Users\Hubs
i\AppData\Local\Progr
ams\Python\Python310\
lib\asyncio\runners.p
y", line 44, in run
    return loop.run_u
ntil_complete(main)
  File "C:\Users\Hubs
i\AppData\Local\Progr
ams\Python\Python310\
lib\asyncio\base_even
ts.py", line 636, in 
run_until_complete
    
self.run_forever()
  File "C:\Users\Hubs
i\AppData\Local\Progr
ams\Python\Python310\
lib\asyncio\windows_e
vents.py", line 321, 
in run_forever
    
super().run_forever()
  File "C:\Users\Hubs
i\AppData\Local\Progr
ams\Python\Python310\
lib\asyncio\base_even
ts.py", line 603, in 
run_forever
    self._run_once()
  File "C:\Users\Hubs
i\AppData\Local\Progr
ams\Python\Python310\
lib\asyncio\base_even
ts.py", line 1909, 
in _run_once
    handle._run()
  File "C:\Users\Hubs
i\AppData\Local\Progr
ams\Python\Python310\
lib\asyncio\events.py
", line 80, in _run
    self._context.run
(self._callback, 
*self._args)
  File "C:\Users\Hubs
i\Desktop\agent 
repository git\agent-
pipeline\backend\test
_agent1_logic.py", 
line 21, in 
test_variations
    variations = 
await agent1_service.
generate_genre_variat
ions("Reggaeton", 5)
  File "C:\Users\Hubs
i\Desktop\agent 
repository git\agent-
pipeline\backend\app\
agents\agent_1_projec
t_manager\service.py"
, line 350, in genera
te_genre_variations
    logger.info(f"\U0
001f3b5 Generating 
{num_variations} 
AI-powered 
variations for: 
{super_genre}")
Message: '\U0001f3b5 
Generating 5 
AI-powered 
variations for: 
Reggaeton'
Arguments: ()
--- Logging error ---
Traceback (most 
recent call last):
  File "C:\Users\Hubs
i\AppData\Local\Progr
ams\Python\Python310\
lib\logging\__init__.
py", line 1103, in 
emit
    stream.write(msg 
+ self.terminator)
  File "C:\Users\Hubs
i\AppData\Local\Progr
ams\Python\Python310\
lib\encodings\cp1252.
py", line 19, in 
encode
    return codecs.cha
rmap_encode(input,sel
f.errors,encoding_tab
le)[0]
UnicodeEncodeError: 
'charmap' codec 
can't encode 
character 
'\U0001f916' in 
position 53: 
character maps to 
<undefined>
Call stack:
  File "C:\Users\Hubs
i\Desktop\agent 
repository git\agent-
pipeline\backend\test
_agent1_logic.py", 
line 28, in <module>
    asyncio.run(test_
variations())
  File "C:\Users\Hubs
i\AppData\Local\Progr
ams\Python\Python310\
lib\asyncio\runners.p
y", line 44, in run
    return loop.run_u
ntil_complete(main)
  File "C:\Users\Hubs
i\AppData\Local\Progr
ams\Python\Python310\
lib\asyncio\base_even
ts.py", line 636, in 
run_until_complete
    
self.run_forever()
  File "C:\Users\Hubs
i\AppData\Local\Progr
ams\Python\Python310\
lib\asyncio\windows_e
vents.py", line 321, 
in run_forever
    
super().run_forever()
  File "C:\Users\Hubs
i\AppData\Local\Progr
ams\Python\Python310\
lib\asyncio\base_even
ts.py", line 603, in 
run_forever
    self._run_once()
  File "C:\Users\Hubs
i\AppData\Local\Progr
ams\Python\Python310\
lib\asyncio\base_even
ts.py", line 1909, 
in _run_once
    handle._run()
  File "C:\Users\Hubs
i\AppData\Local\Progr
ams\Python\Python310\
lib\asyncio\events.py
", line 80, in _run
    self._context.run
(self._callback, 
*self._args)
  File "C:\Users\Hubs
i\Desktop\agent 
repository git\agent-
pipeline\backend\test
_agent1_logic.py", 
line 21, in 
test_variations
    variations = 
await agent1_service.
generate_genre_variat
ions("Reggaeton", 5)
  File "C:\Users\Hubs
i\Desktop\agent 
repository git\agent-
pipeline\backend\app\
agents\agent_1_projec
t_manager\service.py"
, line 378, in genera
te_genre_variations
    logger.info("\U00
01f916 Calling 
Gemini AI with JSON 
response mode...")
Message: '\U0001f916 
Calling Gemini AI 
with JSON response 
mode...'
Arguments: ()
--- Logging error ---
Traceback (most 
recent call last):
  File "C:\Users\Hubs
i\AppData\Local\Progr
ams\Python\Python310\
lib\logging\__init__.
py", line 1103, in 
emit
    stream.write(msg 
+ self.terminator)
  File "C:\Users\Hubs
i\AppData\Local\Progr
ams\Python\Python310\
lib\encodings\cp1252.
py", line 19, in 
encode
    return codecs.cha
rmap_encode(input,sel
f.errors,encoding_tab
le)[0]
UnicodeEncodeError: 
'charmap' codec 
can't encode 
character 
'\U0001f916' in 
position 57: 
character maps to 
<undefined>
Call stack:
  File "C:\Users\Hubs
i\Desktop\agent 
repository git\agent-
pipeline\backend\test
_agent1_logic.py", 
line 28, in <module>
    asyncio.run(test_
variations())
  File "C:\Users\Hubs
i\AppData\Local\Progr
ams\Python\Python310\
lib\asyncio\runners.p
y", line 44, in run
    return loop.run_u
ntil_complete(main)
  File "C:\Users\Hubs
i\AppData\Local\Progr
ams\Python\Python310\
lib\asyncio\base_even
ts.py", line 636, in 
run_until_complete
    
self.run_forever()
  File "C:\Users\Hubs
i\AppData\Local\Progr
ams\Python\Python310\
lib\asyncio\windows_e
vents.py", line 321, 
in run_forever
    
super().run_forever()
  File "C:\Users\Hubs
i\AppData\Local\Progr
ams\Python\Python310\
lib\asyncio\base_even
ts.py", line 603, in 
run_forever
    self._run_once()
  File "C:\Users\Hubs
i\AppData\Local\Progr
ams\Python\Python310\
lib\asyncio\base_even
ts.py", line 1909, 
in _run_once
    handle._run()
  File "C:\Users\Hubs
i\AppData\Local\Progr
ams\Python\Python310\
lib\asyncio\events.py
", line 80, in _run
    self._context.run
(self._callback, 
*self._args)
  File "C:\Users\Hubs
i\Desktop\agent 
repository git\agent-
pipeline\backend\test
_agent1_logic.py", 
line 21, in 
test_variations
    variations = 
await agent1_service.
generate_genre_variat
ions("Reggaeton", 5)
  File "C:\Users\Hubs
i\Desktop\agent 
repository git\agent-
pipeline\backend\app\
agents\agent_1_projec
t_manager\service.py"
, line 378, in genera
te_genre_variations
    logger.info("\U00
01f916 Calling 
Gemini AI with JSON 
response mode...")
Message: '\U0001f916 
Calling Gemini AI 
with JSON response 
mode...'
Arguments: ()
Testing generate_genre_variations...
2025-11-19 16:15:45 - GeminiService - WARNING - Gemini model not initialized. Returning mock response.
2025-11-19 16:15:45,312 - GeminiService - WARNING - Gemini model not initialized. Returning mock response.
--- Logging error ---
Traceback (most 
recent call last):
  File "C:\Users\Hubs
i\AppData\Local\Progr
ams\Python\Python310\
lib\logging\__init__.
py", line 1103, in 
emit
    stream.write(msg 
+ self.terminator)
  File "C:\Users\Hubs
i\AppData\Local\Progr
ams\Python\Python310\
lib\encodings\cp1252.
py", line 19, in 
encode
    return codecs.cha
rmap_encode(input,sel
f.errors,encoding_tab
le)[0]
UnicodeEncodeError: 
'charmap' codec 
can't encode 
character 
'\U0001f4e5' in 
position 53: 
character maps to 
<undefined>
Call stack:
  File "C:\Users\Hubs
i\Desktop\agent 
repository git\agent-
pipeline\backend\test
_agent1_logic.py", 
line 28, in <module>
    asyncio.run(test_
variations())
  File "C:\Users\Hubs
i\AppData\Local\Progr
ams\Python\Python310\
lib\asyncio\runners.p
y", line 44, in run
    return loop.run_u
ntil_complete(main)
  File "C:\Users\Hubs
i\AppData\Local\Progr
ams\Python\Python310\
lib\asyncio\base_even
ts.py", line 636, in 
run_until_complete
    
self.run_forever()
  File "C:\Users\Hubs
i\AppData\Local\Progr
ams\Python\Python310\
lib\asyncio\windows_e
vents.py", line 321, 
in run_forever
    
super().run_forever()
  File "C:\Users\Hubs
i\AppData\Local\Progr
ams\Python\Python310\
lib\asyncio\base_even
ts.py", line 603, in 
run_forever
    self._run_once()
  File "C:\Users\Hubs
i\AppData\Local\Progr
ams\Python\Python310\
lib\asyncio\base_even
ts.py", line 1909, 
in _run_once
    handle._run()
  File "C:\Users\Hubs
i\AppData\Local\Progr
ams\Python\Python310\
lib\asyncio\events.py
", line 80, in _run
    self._context.run
(self._callback, 
*self._args)
  File "C:\Users\Hubs
i\Desktop\agent 
repository git\agent-
pipeline\backend\test
_agent1_logic.py", 
line 21, in 
test_variations
    variations = 
await agent1_service.
generate_genre_variat
ions("Reggaeton", 5)
  File "C:\Users\Hubs
i\Desktop\agent 
repository git\agent-
pipeline\backend\app\
agents\agent_1_projec
t_manager\service.py"
, line 385, in genera
te_genre_variations
    logger.info(f"\U0
001f4e5 Received AI 
response 
({len(ai_response)} 
chars)")
Message: '\U0001f4e5 
Received AI response 
(100 chars)'
Arguments: ()
--- Logging error ---
Traceback (most 
recent call last):
  File "C:\Users\Hubs
i\AppData\Local\Progr
ams\Python\Python310\
lib\logging\__init__.
py", line 1103, in 
emit
    stream.write(msg 
+ self.terminator)
  File "C:\Users\Hubs
i\AppData\Local\Progr
ams\Python\Python310\
lib\encodings\cp1252.
py", line 19, in 
encode
    return codecs.cha
rmap_encode(input,sel
f.errors,encoding_tab
le)[0]
UnicodeEncodeError: 
'charmap' codec 
can't encode 
character 
'\U0001f4e5' in 
position 57: 
character maps to 
<undefined>
Call stack:
  File "C:\Users\Hubs
i\Desktop\agent 
repository git\agent-
pipeline\backend\test
_agent1_logic.py", 
line 28, in <module>
    asyncio.run(test_
variations())
  File "C:\Users\Hubs
i\AppData\Local\Progr
ams\Python\Python310\
lib\asyncio\runners.p
y", line 44, in run
    return loop.run_u
ntil_complete(main)
  File "C:\Users\Hubs
i\AppData\Local\Progr
ams\Python\Python310\
lib\asyncio\base_even
ts.py", line 636, in 
run_until_complete
    
self.run_forever()
  File "C:\Users\Hubs
i\AppData\Local\Progr
ams\Python\Python310\
lib\asyncio\windows_e
vents.py", line 321, 
in run_forever
    
super().run_forever()
  File "C:\Users\Hubs
i\AppData\Local\Progr
ams\Python\Python310\
lib\asyncio\base_even
ts.py", line 603, in 
run_forever
    self._run_once()
  File "C:\Users\Hubs
i\AppData\Local\Progr
ams\Python\Python310\
lib\asyncio\base_even
ts.py", line 1909, 
in _run_once
    handle._run()
  File "C:\Users\Hubs
i\AppData\Local\Progr
ams\Python\Python310\
lib\asyncio\events.py
", line 80, in _run
    self._context.run
(self._callback, 
*self._args)
  File "C:\Users\Hubs
i\Desktop\agent 
repository git\agent-
pipeline\backend\test
_agent1_logic.py", 
line 21, in 
test_variations
    variations = 
await agent1_service.
generate_genre_variat
ions("Reggaeton", 5)
  File "C:\Users\Hubs
i\Desktop\agent 
repository git\agent-
pipeline\backend\app\
agents\agent_1_projec
t_manager\service.py"
, line 385, in genera
te_genre_variations
    logger.info(f"\U0
001f4e5 Received AI 
response 
({len(ai_response)} 
chars)")
Message: '\U0001f4e5 
Received AI response 
(100 chars)'
Arguments: ()
--- Logging error ---
Traceback (most 
recent call last):
  File "C:\Users\Hubs
i\Desktop\agent 
repository git\agent-
pipeline\backend\app\
agents\agent_1_projec
t_manager\service.py"
, line 389, in genera
te_genre_variations
    variations = extr
act_json(ai_response)
  File "C:\Users\Hubs
i\Desktop\agent 
repository git\agent-
pipeline\backend\app\
agents\agent_1_projec
t_manager\service.py"
, line 70, in 
extract_json
    raise 
ValueError("No valid 
JSON found in AI 
response")
ValueError: No valid 
JSON found in AI 
response

During handling of 
the above exception, 
another exception 
occurred:

Traceback (most 
recent call last):
  File "C:\Users\Hubs
i\AppData\Local\Progr
ams\Python\Python310\
lib\logging\__init__.
py", line 1103, in 
emit
    stream.write(msg 
+ self.terminator)
  File "C:\Users\Hubs
i\AppData\Local\Progr
ams\Python\Python310\
lib\encodings\cp1252.
py", line 19, in 
encode
    return codecs.cha
rmap_encode(input,sel
f.errors,encoding_tab
le)[0]
UnicodeEncodeError: 
'charmap' codec 
can't encode 
character '\u274c' 
in position 54: 
character maps to 
<undefined>
Call stack:
  File "C:\Users\Hubs
i\Desktop\agent 
repository git\agent-
pipeline\backend\test
_agent1_logic.py", 
line 28, in <module>
    asyncio.run(test_
variations())
  File "C:\Users\Hubs
i\AppData\Local\Progr
ams\Python\Python310\
lib\asyncio\runners.p
y", line 44, in run
    return loop.run_u
ntil_complete(main)
  File "C:\Users\Hubs
i\AppData\Local\Progr
ams\Python\Python310\
lib\asyncio\base_even
ts.py", line 636, in 
run_until_complete
    
self.run_forever()
  File "C:\Users\Hubs
i\AppData\Local\Progr
ams\Python\Python310\
lib\asyncio\windows_e
vents.py", line 321, 
in run_forever
    
super().run_forever()
  File "C:\Users\Hubs
i\AppData\Local\Progr
ams\Python\Python310\
lib\asyncio\base_even
ts.py", line 603, in 
run_forever
    self._run_once()
  File "C:\Users\Hubs
i\AppData\Local\Progr
ams\Python\Python310\
lib\asyncio\base_even
ts.py", line 1909, 
in _run_once
    handle._run()
  File "C:\Users\Hubs
i\AppData\Local\Progr
ams\Python\Python310\
lib\asyncio\events.py
", line 80, in _run
    self._context.run
(self._callback, 
*self._args)
  File "C:\Users\Hubs
i\Desktop\agent 
repository git\agent-
pipeline\backend\test
_agent1_logic.py", 
line 21, in 
test_variations
    variations = 
await agent1_service.
generate_genre_variat
ions("Reggaeton", 5)
  File "C:\Users\Hubs
i\Desktop\agent 
repository git\agent-
pipeline\backend\app\
agents\agent_1_projec
t_manager\service.py"
, line 414, in genera
te_genre_variations
    logger.error(f"\u
274c JSON extraction 
failed: {ve}")
Message: '\u274c 
JSON extraction 
failed: No valid 
JSON found in AI 
response'
Arguments: ()
--- Logging error ---
Traceback (most 
recent call last):
  File "C:\Users\Hubs
i\Desktop\agent 
repository git\agent-
pipeline\backend\app\
agents\agent_1_projec
t_manager\service.py"
, line 389, in genera
te_genre_variations
    variations = extr
act_json(ai_response)
  File "C:\Users\Hubs
i\Desktop\agent 
repository git\agent-
pipeline\backend\app\
agents\agent_1_projec
t_manager\service.py"
, line 70, in 
extract_json
    raise 
ValueError("No valid 
JSON found in AI 
response")
ValueError: No valid 
JSON found in AI 
response

During handling of 
the above exception, 
another exception 
occurred:

Traceback (most 
recent call last):
  File "C:\Users\Hubs
i\AppData\Local\Progr
ams\Python\Python310\
lib\logging\__init__.
py", line 1103, in 
emit
    stream.write(msg 
+ self.terminator)
  File "C:\Users\Hubs
i\AppData\Local\Progr
ams\Python\Python310\
lib\encodings\cp1252.
py", line 19, in 
encode
    return codecs.cha
rmap_encode(input,sel
f.errors,encoding_tab
le)[0]
UnicodeEncodeError: 
'charmap' codec 
can't encode 
character '\u274c' 
in position 58: 
character maps to 
<undefined>
Call stack:
  File "C:\Users\Hubs
i\Desktop\agent 
repository git\agent-
pipeline\backend\test
_agent1_logic.py", 
line 28, in <module>
    asyncio.run(test_
variations())
  File "C:\Users\Hubs
i\AppData\Local\Progr
ams\Python\Python310\
lib\asyncio\runners.p
y", line 44, in run
    return loop.run_u
ntil_complete(main)
  File "C:\Users\Hubs
i\AppData\Local\Progr
ams\Python\Python310\
lib\asyncio\base_even
ts.py", line 636, in 
run_until_complete
    
self.run_forever()
  File "C:\Users\Hubs
i\AppData\Local\Progr
ams\Python\Python310\
lib\asyncio\windows_e
vents.py", line 321, 
in run_forever
    
super().run_forever()
  File "C:\Users\Hubs
i\AppData\Local\Progr
ams\Python\Python310\
lib\asyncio\base_even
ts.py", line 603, in 
run_forever
    self._run_once()
  File "C:\Users\Hubs
i\AppData\Local\Progr
ams\Python\Python310\
lib\asyncio\base_even
ts.py", line 1909, 
in _run_once
    handle._run()
  File "C:\Users\Hubs
i\AppData\Local\Progr
ams\Python\Python310\
lib\asyncio\events.py
", line 80, in _run
    self._context.run
(self._callback, 
*self._args)
  File "C:\Users\Hubs
i\Desktop\agent 
repository git\agent-
pipeline\backend\test
_agent1_logic.py", 
line 21, in 
test_variations
    variations = 
await agent1_service.
generate_genre_variat
ions("Reggaeton", 5)
  File "C:\Users\Hubs
i\Desktop\agent 
repository git\agent-
pipeline\backend\app\
agents\agent_1_projec
t_manager\service.py"
, line 414, in genera
te_genre_variations
    logger.error(f"\u
274c JSON extraction 
failed: {ve}")
Message: '\u274c 
JSON extraction 
failed: No valid 
JSON found in AI 
response'
Arguments: ()
--- Logging error ---
Traceback (most 
recent call last):
  File "C:\Users\Hubs
i\Desktop\agent 
repository git\agent-
pipeline\backend\app\
agents\agent_1_projec
t_manager\service.py"
, line 389, in genera
te_genre_variations
    variations = extr
act_json(ai_response)
  File "C:\Users\Hubs
i\Desktop\agent 
repository git\agent-
pipeline\backend\app\
agents\agent_1_projec
t_manager\service.py"
, line 70, in 
extract_json
    raise 
ValueError("No valid 
JSON found in AI 
response")
ValueError: No valid 
JSON found in AI 
response

During handling of 
the above exception, 
another exception 
occurred:

Traceback (most 
recent call last):
  File "C:\Users\Hubs
i\AppData\Local\Progr
ams\Python\Python310\
lib\logging\__init__.
py", line 1103, in 
emit
    stream.write(msg 
+ self.terminator)
  File "C:\Users\Hubs
i\AppData\Local\Progr
ams\Python\Python310\
lib\encodings\cp1252.
py", line 19, in 
encode
    return codecs.cha
rmap_encode(input,sel
f.errors,encoding_tab
le)[0]
UnicodeEncodeError: 
'charmap' codec 
can't encode 
character '\u274c' 
in position 54: 
character maps to 
<undefined>
Call stack:
  File "C:\Users\Hubs
i\Desktop\agent 
repository git\agent-
pipeline\backend\test
_agent1_logic.py", 
line 28, in <module>
    asyncio.run(test_
variations())
  File "C:\Users\Hubs
i\AppData\Local\Progr
ams\Python\Python310\
lib\asyncio\runners.p
y", line 44, in run
    return loop.run_u
ntil_complete(main)
  File "C:\Users\Hubs
i\AppData\Local\Progr
ams\Python\Python310\
lib\asyncio\base_even
ts.py", line 636, in 
run_until_complete
    
self.run_forever()
  File "C:\Users\Hubs
i\AppData\Local\Progr
ams\Python\Python310\
lib\asyncio\windows_e
vents.py", line 321, 
in run_forever
    
super().run_forever()
  File "C:\Users\Hubs
i\AppData\Local\Progr
ams\Python\Python310\
lib\asyncio\base_even
ts.py", line 603, in 
run_forever
    self._run_once()
  File "C:\Users\Hubs
i\AppData\Local\Progr
ams\Python\Python310\
lib\asyncio\base_even
ts.py", line 1909, 
in _run_once
    handle._run()
  File "C:\Users\Hubs
i\AppData\Local\Progr
ams\Python\Python310\
lib\asyncio\events.py
", line 80, in _run
    self._context.run
(self._callback, 
*self._args)
  File "C:\Users\Hubs
i\Desktop\agent 
repository git\agent-
pipeline\backend\test
_agent1_logic.py", 
line 21, in 
test_variations
    variations = 
await agent1_service.
generate_genre_variat
ions("Reggaeton", 5)
  File "C:\Users\Hubs
i\Desktop\agent 
repository git\agent-
pipeline\backend\app\
agents\agent_1_projec
t_manager\service.py"
, line 419, in genera
te_genre_variations
    logger.error(f"\u
274c AI generation 
failed: {e}")
Message: '\u274c AI 
generation failed: 
No valid JSON found 
in AI response'
Arguments: ()
--- Logging error ---
Traceback (most 
recent call last):
  File "C:\Users\Hubs
i\Desktop\agent 
repository git\agent-
pipeline\backend\app\
agents\agent_1_projec
t_manager\service.py"
, line 389, in genera
te_genre_variations
    variations = extr
act_json(ai_response)
  File "C:\Users\Hubs
i\Desktop\agent 
repository git\agent-
pipeline\backend\app\
agents\agent_1_projec
t_manager\service.py"
, line 70, in 
extract_json
    raise 
ValueError("No valid 
JSON found in AI 
response")
ValueError: No valid 
JSON found in AI 
response

During handling of 
the above exception, 
another exception 
occurred:

Traceback (most 
recent call last):
  File "C:\Users\Hubs
i\AppData\Local\Progr
ams\Python\Python310\
lib\logging\__init__.
py", line 1103, in 
emit
    stream.write(msg 
+ self.terminator)
  File "C:\Users\Hubs
i\AppData\Local\Progr
ams\Python\Python310\
lib\encodings\cp1252.
py", line 19, in 
encode
    return codecs.cha
rmap_encode(input,sel
f.errors,encoding_tab
le)[0]
UnicodeEncodeError: 
'charmap' codec 
can't encode 
character '\u274c' 
in position 58: 
character maps to 
<undefined>
Call stack:
  File "C:\Users\Hubs
i\Desktop\agent 
repository git\agent-
pipeline\backend\test
_agent1_logic.py", 
line 28, in <module>
    asyncio.run(test_
variations())
  File "C:\Users\Hubs
i\AppData\Local\Progr
ams\Python\Python310\
lib\asyncio\runners.p
y", line 44, in run
    return loop.run_u
ntil_complete(main)
  File "C:\Users\Hubs
i\AppData\Local\Progr
ams\Python\Python310\
lib\asyncio\base_even
ts.py", line 636, in 
run_until_complete
    
self.run_forever()
  File "C:\Users\Hubs
i\AppData\Local\Progr
ams\Python\Python310\
lib\asyncio\windows_e
vents.py", line 321, 
in run_forever
    
super().run_forever()
  File "C:\Users\Hubs
i\AppData\Local\Progr
ams\Python\Python310\
lib\asyncio\base_even
ts.py", line 603, in 
run_forever
    self._run_once()
  File "C:\Users\Hubs
i\AppData\Local\Progr
ams\Python\Python310\
lib\asyncio\base_even
ts.py", line 1909, 
in _run_once
    handle._run()
  File "C:\Users\Hubs
i\AppData\Local\Progr
ams\Python\Python310\
lib\asyncio\events.py
", line 80, in _run
    self._context.run
(self._callback, 
*self._args)
  File "C:\Users\Hubs
i\Desktop\agent 
repository git\agent-
pipeline\backend\test
_agent1_logic.py", 
line 21, in 
test_variations
    variations = 
await agent1_service.
generate_genre_variat
ions("Reggaeton", 5)
  File "C:\Users\Hubs
i\Desktop\agent 
repository git\agent-
pipeline\backend\app\
agents\agent_1_projec
t_manager\service.py"
, line 419, in genera
te_genre_variations
    logger.error(f"\u
274c AI generation 
failed: {e}")
Message: '\u274c AI 
generation failed: 
No valid JSON found 
in AI response'
Arguments: ()
--- Logging error ---
Success! Got 5 variations.
[{'subgenre': 'Reggaeton Style 1', 'description': 'Variation 1 of Reggaeton with unique characteristics'}, {'subgenre': 'Reggaeton Style 2', 'description': 'Variation 2 of Reggaeton with unique characteristics'}, {'subgenre': 'Reggaeton Style 3', 'description': 'Variation 3 of Reggaeton with unique characteristics'}, {'subgenre': 'Reggaeton Style 4', 'description': 'Variation 4 of Reggaeton with unique characteristics'}, {'subgenre': 'Reggaeton Style 5', 'description': 'Variation 5 of Reggaeton with unique characteristics'}]
Traceback (most 
recent call last):
  File "C:\Users\Hubs
i\Desktop\agent 
repository git\agent-
pipeline\backend\app\
agents\agent_1_projec
t_manager\service.py"
, line 389, in genera
te_genre_variations
    variations = extr
act_json(ai_response)
  File "C:\Users\Hubs
i\Desktop\agent 
repository git\agent-
pipeline\backend\app\
agents\agent_1_projec
t_manager\service.py"
, line 70, in 
extract_json
    raise 
ValueError("No valid 
JSON found in AI 
response")
ValueError: No valid 
JSON found in AI 
response

During handling of 
the above exception, 
another exception 
occurred:

Traceback (most 
recent call last):
  File "C:\Users\Hubs
i\AppData\Local\Progr
ams\Python\Python310\
lib\logging\__init__.
py", line 1103, in 
emit
    stream.write(msg 
+ self.terminator)
  File "C:\Users\Hubs
i\AppData\Local\Progr
ams\Python\Python310\
lib\encodings\cp1252.
py", line 19, in 
encode
    return codecs.cha
rmap_encode(input,sel
f.errors,encoding_tab
le)[0]
UnicodeEncodeError: 
'charmap' codec 
can't encode 
characters in 
position 56-57: 
character maps to 
<undefined>
Call stack:
  File "C:\Users\Hubs
i\Desktop\agent 
repository git\agent-
pipeline\backend\test
_agent1_logic.py", 
line 28, in <module>
    asyncio.run(test_
variations())
  File "C:\Users\Hubs
i\AppData\Local\Progr
ams\Python\Python310\
lib\asyncio\runners.p
y", line 44, in run
    return loop.run_u
ntil_complete(main)
  File "C:\Users\Hubs
i\AppData\Local\Progr
ams\Python\Python310\
lib\asyncio\base_even
ts.py", line 636, in 
run_until_complete
    
self.run_forever()
  File "C:\Users\Hubs
i\AppData\Local\Progr
ams\Python\Python310\
lib\asyncio\windows_e
vents.py", line 321, 
in run_forever
    
super().run_forever()
  File "C:\Users\Hubs
i\AppData\Local\Progr
ams\Python\Python310\
lib\asyncio\base_even
ts.py", line 603, in 
run_forever
    self._run_once()
  File "C:\Users\Hubs
i\AppData\Local\Progr
ams\Python\Python310\
lib\asyncio\base_even
ts.py", line 1909, 
in _run_once
    handle._run()
  File "C:\Users\Hubs
i\AppData\Local\Progr
ams\Python\Python310\
lib\asyncio\events.py
", line 80, in _run
    self._context.run
(self._callback, 
*self._args)
  File "C:\Users\Hubs
i\Desktop\agent 
repository git\agent-
pipeline\backend\test
_agent1_logic.py", 
line 21, in 
test_variations
    variations = 
await agent1_service.
generate_genre_variat
ions("Reggaeton", 5)
  File "C:\Users\Hubs
i\Desktop\agent 
repository git\agent-
pipeline\backend\app\
agents\agent_1_projec
t_manager\service.py"
, line 420, in genera
te_genre_variations
    logger.warning(f"
\u26a0\ufe0f Falling 
back to generic 
variations for 
{super_genre}")
Message: 
'\u26a0\ufe0f 
Falling back to 
generic variations 
for Reggaeton'
Arguments: ()
--- Logging error ---
Traceback (most 
recent call last):
  File "C:\Users\Hubs
i\Desktop\agent 
repository git\agent-
pipeline\backend\app\
agents\agent_1_projec
t_manager\service.py"
, line 389, in genera
te_genre_variations
    variations = extr
act_json(ai_response)
  File "C:\Users\Hubs
i\Desktop\agent 
repository git\agent-
pipeline\backend\app\
agents\agent_1_projec
t_manager\service.py"
, line 70, in 
extract_json
    raise 
ValueError("No valid 
JSON found in AI 
response")
ValueError: No valid 
JSON found in AI 
response

During handling of 
the above exception, 
another exception 
occurred:

Traceback (most 
recent call last):
  File "C:\Users\Hubs
i\AppData\Local\Progr
ams\Python\Python310\
lib\logging\__init__.
py", line 1103, in 
emit
    stream.write(msg 
+ self.terminator)
  File "C:\Users\Hubs
i\AppData\Local\Progr
ams\Python\Python310\
lib\encodings\cp1252.
py", line 19, in 
encode
    return codecs.cha
rmap_encode(input,sel
f.errors,encoding_tab
le)[0]
UnicodeEncodeError: 
'charmap' codec 
can't encode 
characters in 
position 60-61: 
character maps to 
<undefined>
Call stack:
  File "C:\Users\Hubs
i\Desktop\agent 
repository git\agent-
pipeline\backend\test
_agent1_logic.py", 
line 28, in <module>
    asyncio.run(test_
variations())
  File "C:\Users\Hubs
i\AppData\Local\Progr
ams\Python\Python310\
lib\asyncio\runners.p
y", line 44, in run
    return loop.run_u
ntil_complete(main)
  File "C:\Users\Hubs
i\AppData\Local\Progr
ams\Python\Python310\
lib\asyncio\base_even
ts.py", line 636, in 
run_until_complete
    
self.run_forever()
  File "C:\Users\Hubs
i\AppData\Local\Progr
ams\Python\Python310\
lib\asyncio\windows_e
vents.py", line 321, 
in run_forever
    
super().run_forever()
  File "C:\Users\Hubs
i\AppData\Local\Progr
ams\Python\Python310\
lib\asyncio\base_even
ts.py", line 603, in 
run_forever
    self._run_once()
  File "C:\Users\Hubs
i\AppData\Local\Progr
ams\Python\Python310\
lib\asyncio\base_even
ts.py", line 1909, 
in _run_once
    handle._run()
  File "C:\Users\Hubs
i\AppData\Local\Progr
ams\Python\Python310\
lib\asyncio\events.py
", line 80, in _run
    self._context.run
(self._callback, 
*self._args)
  File "C:\Users\Hubs
i\Desktop\agent 
repository git\agent-
pipeline\backend\test
_agent1_logic.py", 
line 21, in 
test_variations
    variations = 
await agent1_service.
generate_genre_variat
ions("Reggaeton", 5)
  File "C:\Users\Hubs
i\Desktop\agent 
repository git\agent-
pipeline\backend\app\
agents\agent_1_projec
t_manager\service.py"
, line 420, in genera
te_genre_variations
    logger.warning(f"
\u26a0\ufe0f Falling 
back to generic 
variations for 
{super_genre}")
Message: 
'\u26a0\ufe0f 
Falling back to 
generic variations 
for Reggaeton'
Arguments: ()
